
> react-typescript-starter@0.1.0 test
> react-scripts test "--coverage"

PASS src/HtmlCss.test.tsx
PASS src/functions.test.ts
PASS src/text.test.tsx
PASS src/App.test.tsx
--------------|---------|----------|---------|---------|-------------------
File          | % Stmts | % Branch | % Funcs | % Lines | Uncovered Line #s 
--------------|---------|----------|---------|---------|-------------------
All files     |   94.73 |      100 |    87.5 |   94.73 |                   
 App.tsx      |   66.66 |      100 |   66.66 |   66.66 | 33                
 functions.ts |     100 |      100 |     100 |     100 |                   
--------------|---------|----------|---------|---------|-------------------

Test Suites: 4 passed, 4 total
Tests:       14 passed, 14 total
Snapshots:   0 total
Time:        3.322 s
Ran all test suites.
